/home/viethung/Downloads/Robot/robot1_ws/install/brain_pkg/lib/python3.10/site-packages/brain_pkg/__init__.py
/home/viethung/Downloads/Robot/robot1_ws/install/brain_pkg/lib/python3.10/site-packages/brain_pkg/vision_node.py
/home/viethung/Downloads/Robot/robot1_ws/install/brain_pkg/lib/python3.10/site-packages/brain_pkg/trajectory_node.py
/home/viethung/Downloads/Robot/robot1_ws/install/brain_pkg/lib/python3.10/site-packages/brain_pkg/bridge_node.py
/home/viethung/Downloads/Robot/robot1_ws/install/brain_pkg/lib/python3.10/site-packages/brain_pkg/navigation_node.py
/home/viethung/Downloads/Robot/robot1_ws/install/brain_pkg/lib/python3.10/site-packages/brain_pkg/__pycache__/__init__.cpython-310.pyc
/home/viethung/Downloads/Robot/robot1_ws/install/brain_pkg/lib/python3.10/site-packages/brain_pkg/__pycache__/vision_node.cpython-310.pyc
/home/viethung/Downloads/Robot/robot1_ws/install/brain_pkg/lib/python3.10/site-packages/brain_pkg/__pycache__/trajectory_node.cpython-310.pyc
/home/viethung/Downloads/Robot/robot1_ws/install/brain_pkg/lib/python3.10/site-packages/brain_pkg/__pycache__/bridge_node.cpython-310.pyc
/home/viethung/Downloads/Robot/robot1_ws/install/brain_pkg/lib/python3.10/site-packages/brain_pkg/__pycache__/navigation_node.cpython-310.pyc
/home/viethung/Downloads/Robot/robot1_ws/install/brain_pkg/share/ament_index/resource_index/packages/brain_pkg
/home/viethung/Downloads/Robot/robot1_ws/install/brain_pkg/share/brain_pkg/package.xml
/home/viethung/Downloads/Robot/robot1_ws/install/brain_pkg/share/brain_pkg/launch/main.launch.py
/home/viethung/Downloads/Robot/robot1_ws/install/brain_pkg/lib/python3.10/site-packages/brain_pkg-0.0.0-py3.10.egg-info/zip-safe
/home/viethung/Downloads/Robot/robot1_ws/install/brain_pkg/lib/python3.10/site-packages/brain_pkg-0.0.0-py3.10.egg-info/dependency_links.txt
/home/viethung/Downloads/Robot/robot1_ws/install/brain_pkg/lib/python3.10/site-packages/brain_pkg-0.0.0-py3.10.egg-info/entry_points.txt
/home/viethung/Downloads/Robot/robot1_ws/install/brain_pkg/lib/python3.10/site-packages/brain_pkg-0.0.0-py3.10.egg-info/SOURCES.txt
/home/viethung/Downloads/Robot/robot1_ws/install/brain_pkg/lib/python3.10/site-packages/brain_pkg-0.0.0-py3.10.egg-info/requires.txt
/home/viethung/Downloads/Robot/robot1_ws/install/brain_pkg/lib/python3.10/site-packages/brain_pkg-0.0.0-py3.10.egg-info/top_level.txt
/home/viethung/Downloads/Robot/robot1_ws/install/brain_pkg/lib/python3.10/site-packages/brain_pkg-0.0.0-py3.10.egg-info/PKG-INFO
/home/viethung/Downloads/Robot/robot1_ws/install/brain_pkg/lib/brain_pkg/bridge
/home/viethung/Downloads/Robot/robot1_ws/install/brain_pkg/lib/brain_pkg/navigation
/home/viethung/Downloads/Robot/robot1_ws/install/brain_pkg/lib/brain_pkg/trajectory
/home/viethung/Downloads/Robot/robot1_ws/install/brain_pkg/lib/brain_pkg/vision
