[1.117s] Invoking command in '/home/viethung/Downloads/robot_follow_lane/raspi2_ws/src/my_robot': PYTHONPATH=/home/viethung/Downloads/robot_follow_lane/raspi2_ws/build/my_robot/prefix_override:/usr/lib/python3/dist-packages/colcon_core/task/python/colcon_distutils_commands:/home/viethung/Downloads/robot_follow_lane/raspi2_ws/install/my_robot/lib/python3.10/site-packages:${PYTHONPATH} /usr/bin/python3 -W ignore:setup.py install is deprecated -W ignore:easy_install command is deprecated setup.py egg_info --egg-base ../../build/my_robot build --build-base /home/viethung/Downloads/robot_follow_lane/raspi2_ws/build/my_robot/build install --record /home/viethung/Downloads/robot_follow_lane/raspi2_ws/build/my_robot/install.log --single-version-externally-managed install_data
[1.480s] running egg_info
[1.481s] writing ../../build/my_robot/my_robot.egg-info/PKG-INFO
[1.482s] writing dependency_links to ../../build/my_robot/my_robot.egg-info/dependency_links.txt
[1.482s] writing entry points to ../../build/my_robot/my_robot.egg-info/entry_points.txt
[1.482s] writing requirements to ../../build/my_robot/my_robot.egg-info/requires.txt
[1.482s] writing top-level names to ../../build/my_robot/my_robot.egg-info/top_level.txt
[1.486s] reading manifest file '../../build/my_robot/my_robot.egg-info/SOURCES.txt'
[1.488s] writing manifest file '../../build/my_robot/my_robot.egg-info/SOURCES.txt'
[1.488s] running build
[1.488s] running build_py
[1.489s] copying my_robot/camera_node.py -> /home/viethung/Downloads/robot_follow_lane/raspi2_ws/build/my_robot/build/lib/my_robot
[1.489s] running install
[1.490s] running install_lib
[1.492s] copying /home/viethung/Downloads/robot_follow_lane/raspi2_ws/build/my_robot/build/lib/my_robot/camera_node.py -> /home/viethung/Downloads/robot_follow_lane/raspi2_ws/install/my_robot/lib/python3.10/site-packages/my_robot
[1.493s] byte-compiling /home/viethung/Downloads/robot_follow_lane/raspi2_ws/install/my_robot/lib/python3.10/site-packages/my_robot/camera_node.py to camera_node.cpython-310.pyc
[1.494s] running install_data
[1.495s] running install_egg_info
[1.498s] removing '/home/viethung/Downloads/robot_follow_lane/raspi2_ws/install/my_robot/lib/python3.10/site-packages/my_robot-0.0.0-py3.10.egg-info' (and everything under it)
[1.498s] Copying ../../build/my_robot/my_robot.egg-info to /home/viethung/Downloads/robot_follow_lane/raspi2_ws/install/my_robot/lib/python3.10/site-packages/my_robot-0.0.0-py3.10.egg-info
[1.500s] running install_scripts
[1.529s] Installing camera_node script to /home/viethung/Downloads/robot_follow_lane/raspi2_ws/install/my_robot/lib/my_robot
[1.530s] Installing uart_node script to /home/viethung/Downloads/robot_follow_lane/raspi2_ws/install/my_robot/lib/my_robot
[1.531s] writing list of installed files to '/home/viethung/Downloads/robot_follow_lane/raspi2_ws/build/my_robot/install.log'
[1.571s] Invoked command in '/home/viethung/Downloads/robot_follow_lane/raspi2_ws/src/my_robot' returned '0': PYTHONPATH=/home/viethung/Downloads/robot_follow_lane/raspi2_ws/build/my_robot/prefix_override:/usr/lib/python3/dist-packages/colcon_core/task/python/colcon_distutils_commands:/home/viethung/Downloads/robot_follow_lane/raspi2_ws/install/my_robot/lib/python3.10/site-packages:${PYTHONPATH} /usr/bin/python3 -W ignore:setup.py install is deprecated -W ignore:easy_install command is deprecated setup.py egg_info --egg-base ../../build/my_robot build --build-base /home/viethung/Downloads/robot_follow_lane/raspi2_ws/build/my_robot/build install --record /home/viethung/Downloads/robot_follow_lane/raspi2_ws/build/my_robot/install.log --single-version-externally-managed install_data
