[0.927s] Invoking command in '/home/viethung/Downloads/robot_follow_lane/robot1_ws/src/brain_pkg': PYTHONPATH=/home/viethung/Downloads/robot_follow_lane/robot1_ws/build/brain_pkg/prefix_override:/usr/lib/python3/dist-packages/colcon_core/task/python/colcon_distutils_commands:/home/viethung/Downloads/robot_follow_lane/robot1_ws/install/brain_pkg/lib/python3.10/site-packages:${PYTHONPATH} /usr/bin/python3 -W ignore:setup.py install is deprecated -W ignore:easy_install command is deprecated setup.py egg_info --egg-base ../../build/brain_pkg build --build-base /home/viethung/Downloads/robot_follow_lane/robot1_ws/build/brain_pkg/build install --record /home/viethung/Downloads/robot_follow_lane/robot1_ws/build/brain_pkg/install.log --single-version-externally-managed install_data
[1.286s] running egg_info
[1.287s] writing ../../build/brain_pkg/brain_pkg.egg-info/PKG-INFO
[1.287s] writing dependency_links to ../../build/brain_pkg/brain_pkg.egg-info/dependency_links.txt
[1.287s] writing entry points to ../../build/brain_pkg/brain_pkg.egg-info/entry_points.txt
[1.288s] writing requirements to ../../build/brain_pkg/brain_pkg.egg-info/requires.txt
[1.288s] writing top-level names to ../../build/brain_pkg/brain_pkg.egg-info/top_level.txt
[1.291s] reading manifest file '../../build/brain_pkg/brain_pkg.egg-info/SOURCES.txt'
[1.292s] writing manifest file '../../build/brain_pkg/brain_pkg.egg-info/SOURCES.txt'
[1.292s] running build
[1.293s] running build_py
[1.293s] running install
[1.294s] running install_lib
[1.296s] running install_data
[1.296s] copying launch/main.launch.py -> /home/viethung/Downloads/robot_follow_lane/robot1_ws/install/brain_pkg/share/brain_pkg/launch
[1.296s] running install_egg_info
[1.299s] removing '/home/viethung/Downloads/robot_follow_lane/robot1_ws/install/brain_pkg/lib/python3.10/site-packages/brain_pkg-0.0.0-py3.10.egg-info' (and everything under it)
[1.299s] Copying ../../build/brain_pkg/brain_pkg.egg-info to /home/viethung/Downloads/robot_follow_lane/robot1_ws/install/brain_pkg/lib/python3.10/site-packages/brain_pkg-0.0.0-py3.10.egg-info
[1.301s] running install_scripts
[1.329s] Installing navigation = brain_pkg.navigation_node:mainbridge script to /home/viethung/Downloads/robot_follow_lane/robot1_ws/install/brain_pkg/lib/brain_pkg
[1.329s] Installing vision script to /home/viethung/Downloads/robot_follow_lane/robot1_ws/install/brain_pkg/lib/brain_pkg
[1.330s] writing list of installed files to '/home/viethung/Downloads/robot_follow_lane/robot1_ws/build/brain_pkg/install.log'
[1.370s] Invoked command in '/home/viethung/Downloads/robot_follow_lane/robot1_ws/src/brain_pkg' returned '0': PYTHONPATH=/home/viethung/Downloads/robot_follow_lane/robot1_ws/build/brain_pkg/prefix_override:/usr/lib/python3/dist-packages/colcon_core/task/python/colcon_distutils_commands:/home/viethung/Downloads/robot_follow_lane/robot1_ws/install/brain_pkg/lib/python3.10/site-packages:${PYTHONPATH} /usr/bin/python3 -W ignore:setup.py install is deprecated -W ignore:easy_install command is deprecated setup.py egg_info --egg-base ../../build/brain_pkg build --build-base /home/viethung/Downloads/robot_follow_lane/robot1_ws/build/brain_pkg/build install --record /home/viethung/Downloads/robot_follow_lane/robot1_ws/build/brain_pkg/install.log --single-version-externally-managed install_data
